This is pdfTeX, Version 3.141592653-2.6-1.40.29 (TeX Live 2026) (preloaded format=pdflatex 2026.3.1)  16 MAR 2026 22:56
entering extended mode
 restricted \write18 enabled.
 file:line:error style messages enabled.
 %&-line parsing enabled.
**/Users/bastianibanez/sem1-2026/optimizacion/control_1/ejemplos/nutricion-deportiva/scratch.tex
(/Users/bastianibanez/sem1-2026/optimizacion/control_1/ejemplos/nutricion-deportiva/scratch.tex
LaTeX2e <2025-11-01>
L3 programming layer <2026-01-19>
(/usr/local/texlive/2026/texmf-dist/tex/latex/base/article.cls
Document Class: article 2025/01/22 v1.4n Standard LaTeX document class
(/usr/local/texlive/2026/texmf-dist/tex/latex/base/size12.clo
File: size12.clo 2025/01/22 v1.4n Standard LaTeX file (size option)
)
\c@part=\count275
\c@section=\count276
\c@subsection=\count277
\c@subsubsection=\count278
\c@paragraph=\count279
\c@subparagraph=\count280
\c@figure=\count281
\c@table=\count282
\abovecaptionskip=\skip49
\belowcaptionskip=\skip50
\bibindent=\dimen148
) (/usr/local/texlive/2026/texmf-dist/tex/latex/base/inputenc.sty
Package: inputenc 2024/02/08 v1.3d Input encoding file
\inpenc@prehook=\toks17
\inpenc@posthook=\toks18
)
/Users/bastianibanez/sem1-2026/optimizacion/control_1/ejemplos/nutricion-deportiva/scratch.tex:3: Undefined control sequence.
<recently read> \geometry 
                          
l.3 \geometry
             {margin=2.5cm}
The control sequence at the end of the top line
of your error message was never \def'ed. If you have
misspelled it (e.g., `\hobx'), type `I' and the correct
spelling (e.g., `I\hbox'). Otherwise just continue,
and I'll forget about whatever was undefined.


/Users/bastianibanez/sem1-2026/optimizacion/control_1/ejemplos/nutricion-deportiva/scratch.tex:3: LaTeX Error: Missing \begin{document}.

See the LaTeX manual or LaTeX Companion for explanation.
Type  H <return>  for immediate help.
 ...                                              
                                                  
l.3 \geometry{m
               argin=2.5cm}
You're in trouble here.  Try typing  <return>  to proceed.
If that doesn't work, type  X <return>  to quit.


/Users/bastianibanez/sem1-2026/optimizacion/control_1/ejemplos/nutricion-deportiva/scratch.tex:5: LaTeX Error: Missing \begin{document}.

See the LaTeX manual or LaTeX Companion for explanation.
Type  H <return>  for immediate help.
 ...                                              
                                                  
l.5 \section
            {
You're in trouble here.  Try typing  <return>  to proceed.
If that doesn't work, type  X <return>  to quit.


/Users/bastianibanez/sem1-2026/optimizacion/control_1/ejemplos/nutricion-deportiva/scratch.tex:7: LaTeX Error: Missing \begin{document}.

See the LaTeX manual or LaTeX Companion for explanation.
Type  H <return>  for immediate help.
 ...                                              
                                                  
l.7 }
     
You're in trouble here.  Try typing  <return>  to proceed.
If that doesn't work, type  X <return>  to quit.

/Users/bastianibanez/sem1-2026/optimizacion/control_1/ejemplos/nutricion-deportiva/scratch.tex:7: Undefined control sequence.
<argument>  \text 
                  {"hello world"} 
l.7 }
     
The control sequence at the end of the top line
of your error message was never \def'ed. If you have
misspelled it (e.g., `\hobx'), type `I' and the correct
spelling (e.g., `I\hbox'). Otherwise just continue,
and I'll forget about whatever was undefined.

/Users/bastianibanez/sem1-2026/optimizacion/control_1/ejemplos/nutricion-deportiva/scratch.tex:7: Undefined control sequence.
<argument> ...me thesection\endcsname }\fi  \text 
                                                  {"hello world"} }{\thepage...
l.7 }
     
The control sequence at the end of the top line
of your error message was never \def'ed. If you have
misspelled it (e.g., `\hobx'), type `I' and the correct
spelling (e.g., `I\hbox'). Otherwise just continue,
and I'll forget about whatever was undefined.

)
! Emergency stop.
<*> ..._1/ejemplos/nutricion-deportiva/scratch.tex
                                                  
*** (job aborted, no legal \end found)

 
Here is how much of TeX's memory you used:
 279 strings out of 467525
 3933 string characters out of 5418983
 433756 words of memory out of 5000000
 29273 multiletter control sequences out of 15000+600000
 628625 words of font info for 43 fonts, out of 8000000 for 9000
 1141 hyphenation exceptions out of 8191
 35i,0n,38p,234b,87s stack positions out of 10000i,1000n,20000p,200000b,200000s
!  ==> Fatal error occurred, no output PDF file produced!
