\BOOKMARK [1][-]{section.1}{\376\377\000E\000j\000e\000r\000c\000i\000c\000i\000o\000\040\0001\000\040\040\024\000\040\000L\000a\000\040\000Q\000u\000\355\000m\000i\000c\000a}{}% 1
\BOOKMARK [2][-]{subsection.1.1}{\376\377\000C\000o\000n\000j\000u\000n\000t\000o\000s}{section.1}% 2
\BOOKMARK [2][-]{subsection.1.2}{\376\377\000P\000a\000r\000\341\000m\000e\000t\000r\000o\000s}{section.1}% 3
\BOOKMARK [2][-]{subsection.1.3}{\376\377\000V\000a\000r\000i\000a\000b\000l\000e\000s\000\040\000d\000e\000\040\000D\000e\000c\000i\000s\000i\000\363\000n}{section.1}% 4
\BOOKMARK [2][-]{subsection.1.4}{\376\377\000F\000u\000n\000c\000i\000\363\000n\000\040\000O\000b\000j\000e\000t\000i\000v\000o}{section.1}% 5
\BOOKMARK [2][-]{subsection.1.5}{\376\377\000R\000e\000s\000t\000r\000i\000c\000c\000i\000o\000n\000e\000s}{section.1}% 6
\BOOKMARK [2][-]{subsection.1.6}{\376\377\000M\000o\000d\000e\000l\000o\000\040\000M\000a\000t\000e\000m\000\341\000t\000i\000c\000o\000\040\000C\000o\000m\000p\000l\000e\000t\000o}{section.1}% 7
\BOOKMARK [2][-]{subsection.1.7}{\376\377\000S\000o\000l\000u\000c\000i\000\363\000n\000\040\000\323\000p\000t\000i\000m\000a}{section.1}% 8
\BOOKMARK [2][-]{subsection.1.8}{\376\377\000C\000\363\000d\000i\000g\000o\000\040\000A\000M\000P\000L}{section.1}% 9
\BOOKMARK [1][-]{section.2}{\376\377\000E\000j\000e\000r\000c\000i\000c\000i\000o\000\040\0002\000\040\040\024\000\040\000E\000m\000p\000r\000e\000s\000a\000\040\000C\000h\000a\000r\000c\000h\000a}{}% 10
\BOOKMARK [2][-]{subsection.2.1}{\376\377\000C\000o\000n\000j\000u\000n\000t\000o\000s}{section.2}% 11
\BOOKMARK [2][-]{subsection.2.2}{\376\377\000P\000a\000r\000\341\000m\000e\000t\000r\000o\000s}{section.2}% 12
\BOOKMARK [2][-]{subsection.2.3}{\376\377\000V\000a\000r\000i\000a\000b\000l\000e\000s\000\040\000d\000e\000\040\000D\000e\000c\000i\000s\000i\000\363\000n}{section.2}% 13
\BOOKMARK [2][-]{subsection.2.4}{\376\377\000F\000u\000n\000c\000i\000\363\000n\000\040\000O\000b\000j\000e\000t\000i\000v\000o}{section.2}% 14
\BOOKMARK [2][-]{subsection.2.5}{\376\377\000R\000e\000s\000t\000r\000i\000c\000c\000i\000o\000n\000e\000s}{section.2}% 15
\BOOKMARK [2][-]{subsection.2.6}{\376\377\000M\000o\000d\000e\000l\000o\000\040\000M\000a\000t\000e\000m\000\341\000t\000i\000c\000o\000\040\000C\000o\000m\000p\000l\000e\000t\000o}{section.2}% 16
\BOOKMARK [2][-]{subsection.2.7}{\376\377\000S\000o\000l\000u\000c\000i\000\363\000n\000\040\000\323\000p\000t\000i\000m\000a}{section.2}% 17
\BOOKMARK [2][-]{subsection.2.8}{\376\377\000C\000\363\000d\000i\000g\000o\000\040\000A\000M\000P\000L}{section.2}% 18
\BOOKMARK [1][-]{section.3}{\376\377\000E\000j\000e\000r\000c\000i\000c\000i\000o\000\040\0003\000\040\040\024\000\040\000R\000e\000f\000i\000n\000e\000r\000\355\000a\000\040\000M\000e\000l\000r\000o\000s\000e}{}% 19
\BOOKMARK [2][-]{subsection.3.1}{\376\377\000C\000o\000n\000j\000u\000n\000t\000o\000s}{section.3}% 20
\BOOKMARK [2][-]{subsection.3.2}{\376\377\000P\000a\000r\000\341\000m\000e\000t\000r\000o\000s}{section.3}% 21
\BOOKMARK [2][-]{subsection.3.3}{\376\377\000V\000a\000r\000i\000a\000b\000l\000e\000s\000\040\000d\000e\000\040\000D\000e\000c\000i\000s\000i\000\363\000n}{section.3}% 22
\BOOKMARK [2][-]{subsection.3.4}{\376\377\000F\000u\000n\000c\000i\000\363\000n\000\040\000O\000b\000j\000e\000t\000i\000v\000o}{section.3}% 23
\BOOKMARK [2][-]{subsection.3.5}{\376\377\000R\000e\000s\000t\000r\000i\000c\000c\000i\000o\000n\000e\000s}{section.3}% 24
\BOOKMARK [2][-]{subsection.3.6}{\376\377\000M\000o\000d\000e\000l\000o\000\040\000M\000a\000t\000e\000m\000\341\000t\000i\000c\000o\000\040\000C\000o\000m\000p\000l\000e\000t\000o}{section.3}% 25
\BOOKMARK [2][-]{subsection.3.7}{\376\377\000S\000o\000l\000u\000c\000i\000\363\000n\000\040\000\323\000p\000t\000i\000m\000a}{section.3}% 26
\BOOKMARK [2][-]{subsection.3.8}{\376\377\000C\000\363\000d\000i\000g\000o\000\040\000A\000M\000P\000L}{section.3}% 27
\BOOKMARK [1][-]{section.4}{\376\377\000E\000j\000e\000r\000c\000i\000c\000i\000o\000\040\0004\000\040\040\024\000\040\000D\000o\000n\000o\000v\000a\000n\000\040\000E\000n\000t\000e\000r\000p\000r\000i\000s\000e\000s}{}% 28
\BOOKMARK [2][-]{subsection.4.1}{\376\377\000C\000o\000n\000j\000u\000n\000t\000o\000s}{section.4}% 29
\BOOKMARK [2][-]{subsection.4.2}{\376\377\000P\000a\000r\000\341\000m\000e\000t\000r\000o\000s}{section.4}% 30
\BOOKMARK [2][-]{subsection.4.3}{\376\377\000V\000a\000r\000i\000a\000b\000l\000e\000s\000\040\000d\000e\000\040\000D\000e\000c\000i\000s\000i\000\363\000n}{section.4}% 31
\BOOKMARK [2][-]{subsection.4.4}{\376\377\000F\000u\000n\000c\000i\000\363\000n\000\040\000O\000b\000j\000e\000t\000i\000v\000o}{section.4}% 32
\BOOKMARK [2][-]{subsection.4.5}{\376\377\000R\000e\000s\000t\000r\000i\000c\000c\000i\000o\000n\000e\000s}{section.4}% 33
\BOOKMARK [2][-]{subsection.4.6}{\376\377\000M\000o\000d\000e\000l\000o\000\040\000M\000a\000t\000e\000m\000\341\000t\000i\000c\000o\000\040\000C\000o\000m\000p\000l\000e\000t\000o}{section.4}% 34
\BOOKMARK [2][-]{subsection.4.7}{\376\377\000S\000o\000l\000u\000c\000i\000\363\000n\000\040\000\323\000p\000t\000i\000m\000a}{section.4}% 35
\BOOKMARK [2][-]{subsection.4.8}{\376\377\000C\000\363\000d\000i\000g\000o\000\040\000A\000M\000P\000L}{section.4}% 36
\BOOKMARK [1][-]{section.5}{\376\377\000E\000j\000e\000r\000c\000i\000c\000i\000o\000\040\0005\000\040\040\024\000\040\000E\000n\000c\000u\000e\000s\000t\000a\000\040\000T\000e\000l\000e\000f\000\363\000n\000i\000c\000a}{}% 37
\BOOKMARK [2][-]{subsection.5.1}{\376\377\000C\000o\000n\000j\000u\000n\000t\000o\000s}{section.5}% 38
\BOOKMARK [2][-]{subsection.5.2}{\376\377\000P\000a\000r\000\341\000m\000e\000t\000r\000o\000s}{section.5}% 39
\BOOKMARK [2][-]{subsection.5.3}{\376\377\000V\000a\000r\000i\000a\000b\000l\000e\000s\000\040\000d\000e\000\040\000D\000e\000c\000i\000s\000i\000\363\000n}{section.5}% 40
\BOOKMARK [2][-]{subsection.5.4}{\376\377\000F\000u\000n\000c\000i\000\363\000n\000\040\000O\000b\000j\000e\000t\000i\000v\000o}{section.5}% 41
\BOOKMARK [2][-]{subsection.5.5}{\376\377\000R\000e\000s\000t\000r\000i\000c\000c\000i\000o\000n\000e\000s}{section.5}% 42
\BOOKMARK [2][-]{subsection.5.6}{\376\377\000M\000o\000d\000e\000l\000o\000\040\000M\000a\000t\000e\000m\000\341\000t\000i\000c\000o\000\040\000C\000o\000m\000p\000l\000e\000t\000o}{section.5}% 43
\BOOKMARK [2][-]{subsection.5.7}{\376\377\000S\000o\000l\000u\000c\000i\000\363\000n\000\040\000\323\000p\000t\000i\000m\000a}{section.5}% 44
\BOOKMARK [2][-]{subsection.5.8}{\376\377\000C\000\363\000d\000i\000g\000o\000\040\000A\000M\000P\000L}{section.5}% 45
\BOOKMARK [1][-]{section.6}{\376\377\000E\000j\000e\000r\000c\000i\000c\000i\000o\000\040\0006\000\040\040\024\000\040\000B\000r\000a\000d\000y\000\040\000C\000o\000r\000p\000o\000r\000a\000t\000i\000o\000n}{}% 46
\BOOKMARK [2][-]{subsection.6.1}{\376\377\000C\000o\000n\000j\000u\000n\000t\000o\000s}{section.6}% 47
\BOOKMARK [2][-]{subsection.6.2}{\376\377\000P\000a\000r\000\341\000m\000e\000t\000r\000o\000s}{section.6}% 48
\BOOKMARK [2][-]{subsection.6.3}{\376\377\000V\000a\000r\000i\000a\000b\000l\000e\000s\000\040\000d\000e\000\040\000D\000e\000c\000i\000s\000i\000\363\000n}{section.6}% 49
\BOOKMARK [2][-]{subsection.6.4}{\376\377\000F\000u\000n\000c\000i\000\363\000n\000\040\000O\000b\000j\000e\000t\000i\000v\000o}{section.6}% 50
\BOOKMARK [2][-]{subsection.6.5}{\376\377\000R\000e\000s\000t\000r\000i\000c\000c\000i\000o\000n\000e\000s}{section.6}% 51
\BOOKMARK [2][-]{subsection.6.6}{\376\377\000M\000o\000d\000e\000l\000o\000\040\000M\000a\000t\000e\000m\000\341\000t\000i\000c\000o\000\040\000C\000o\000m\000p\000l\000e\000t\000o}{section.6}% 52
\BOOKMARK [2][-]{subsection.6.7}{\376\377\000S\000o\000l\000u\000c\000i\000\363\000n\000\040\000\323\000p\000t\000i\000m\000a}{section.6}% 53
\BOOKMARK [2][-]{subsection.6.8}{\376\377\000C\000\363\000d\000i\000g\000o\000\040\000A\000M\000P\000L}{section.6}% 54
\BOOKMARK [1][-]{section.7}{\376\377\000E\000j\000e\000r\000c\000i\000c\000i\000o\000\040\0007\000\040\040\024\000\040\000C\000e\000n\000t\000r\000o\000\040\000d\000e\000\040\000R\000e\000c\000i\000c\000l\000a\000j\000e}{}% 55
\BOOKMARK [2][-]{subsection.7.1}{\376\377\000C\000o\000n\000j\000u\000n\000t\000o\000s}{section.7}% 56
\BOOKMARK [2][-]{subsection.7.2}{\376\377\000P\000a\000r\000\341\000m\000e\000t\000r\000o\000s}{section.7}% 57
\BOOKMARK [2][-]{subsection.7.3}{\376\377\000V\000a\000r\000i\000a\000b\000l\000e\000s\000\040\000d\000e\000\040\000D\000e\000c\000i\000s\000i\000\363\000n}{section.7}% 58
\BOOKMARK [2][-]{subsection.7.4}{\376\377\000F\000u\000n\000c\000i\000\363\000n\000\040\000O\000b\000j\000e\000t\000i\000v\000o}{section.7}% 59
\BOOKMARK [2][-]{subsection.7.5}{\376\377\000R\000e\000s\000t\000r\000i\000c\000c\000i\000o\000n\000e\000s}{section.7}% 60
\BOOKMARK [2][-]{subsection.7.6}{\376\377\000M\000o\000d\000e\000l\000o\000\040\000M\000a\000t\000e\000m\000\341\000t\000i\000c\000o\000\040\000C\000o\000m\000p\000l\000e\000t\000o}{section.7}% 61
\BOOKMARK [2][-]{subsection.7.7}{\376\377\000S\000o\000l\000u\000c\000i\000\363\000n\000\040\000\323\000p\000t\000i\000m\000a}{section.7}% 62
\BOOKMARK [2][-]{subsection.7.8}{\376\377\000C\000\363\000d\000i\000g\000o\000\040\000A\000M\000P\000L}{section.7}% 63
\BOOKMARK [1][-]{lstnumber.7.52}{\376\377\000R\000e\000s\000u\000m\000e\000n\000\040\000G\000e\000n\000e\000r\000a\000l}{}% 64
